// Jest Snapshot v1, https://goo.gl/fbAQLP

exports[`#groups.info should require authentication 1`] = `
Object {
  "error": "authentication_required",
  "message": "Authentication required",
  "ok": false,
  "status": 401,
}
`;

exports[`#groups.list should require authentication 1`] = `
Object {
  "error": "authentication_required",
  "message": "Authentication required",
  "ok": false,
  "status": 401,
}
`;

exports[`#groups.update should require authentication 1`] = `
Object {
  "error": "authentication_required",
  "message": "Authentication required",
  "ok": false,
  "status": 401,
}
`;
